[backblue.gif]
[fade.gif]
[index.html]
[dalyangardenpension.co.uk/application/files/2514/4982/6185/iphone_thumbnail.png]
[dalyangardenpension.co.uk/application/files/4114/4982/6184/win_thumbnail.png]
[dalyangardenpension.co.uk/application/files/5314/3990/5675/logo_dgp.png]
[dalyangardenpension.co.uk/application/files/3714/4958/9082/home100.jpg]
[dalyangardenpension.co.uk/application/files/8914/4958/9002/home101.jpg]
[dalyangardenpension.co.uk/application/files/3514/4846/5619/pension2.jpg]
[dalyangardenpension.co.uk/application/files/9614/4846/5614/pension1.jpg]
[dalyangardenpension.co.uk/application/files/4314/4888/9049/times-travel.pdf]
[dalyangardenpension.co.uk/application/files/6714/4888/9051/xcel.pdf]
[dalyangardenpension.co.uk/application/files/3215/2815/6286/ta-hall-of-fame.png]
[dalyangardenpension.co.uk/application/files/1514/4008/0119/times_travel.jpg]
[dalyangardenpension.co.uk/application/files/7714/4008/0120/altitude.jpg]
[dalyangardenpension.co.uk/application/files/2014/4967/9015/wifi.png]
[dalyangardenpension.co.uk/index.html]
[dalyangardenpension.co.uk/index-2.html]
[dalyangardenpension.co.uk/application/files/5014/4982/6183/favicon_thumbnail.ico]
[dalyangardenpension.co.uk/updates/concrete5.7.5.6/concrete/js/jquery.js]
[dalyangardenpension.co.uk/updates/concrete5.7.5.6/concrete/images/responsive-slides/arrows.gif]
[dalyangardenpension.co.uk/application/files/cache/css/eec81acb566de23502740bd0ff7bd01d097d12d5.css]
[dalyangardenpension.co.uk/application/blocks/image_slider/images/arrows.gif]
[dalyangardenpension.co.uk/application/themes/dgp/css/dgp.css]
[dalyangardenpension.co.uk/application/themes/dgp/css/dd_nav.css]
[dalyangardenpension.co.uk/application/themes/dgp/img/hr.png]
[dalyangardenpension.co.uk/application/files/2314/4846/5617/pension5.jpg]
[dalyangardenpension.co.uk/application/files/1814/4846/5618/pension4.jpg]
[dalyangardenpension.co.uk/application/files/4314/4959/1280/pension100.jpg]
[dalyangardenpension.co.uk/application/files/8214/4959/1281/pension101.jpg]
[dalyangardenpension.co.uk/application/files/cache/f07a6ab19b9b7967110def301d9f1f61.jpg]
[dalyangardenpension.co.uk/application/files/cache/243dd0c4377dcdcd47c3f365738801b2.jpg]
[dalyangardenpension.co.uk/application/files/cache/523fa186efb8d56839be53d4c8dbb3ed.jpg]
[dalyangardenpension.co.uk/application/files/cache/69f62829e7d13c36e9ca08fb8472144d.jpg]
[dalyangardenpension.co.uk/application/files/cache/f8f68c7f5548641bac1ff27a1e285b41.jpg]
[dalyangardenpension.co.uk/application/files/cache/9907d4efafe2e8a324c74bbdfe30616e.jpg]
[dalyangardenpension.co.uk/application/files/cache/43d917d5a5fd8b0bc5153d87cf02c328.jpg]
[dalyangardenpension.co.uk/application/files/cache/c7d823bca39b363cfce69f26c27e7853.jpg]
[dalyangardenpension.co.uk/application/files/cache/d5fe49dbcc0b23866a1079f35907c1eb.jpg]
[dalyangardenpension.co.uk/application/files/cache/a8c69131b58cfa15ad29c2185930ca00.jpg]
[dalyangardenpension.co.uk/application/files/cache/a8c4637362daf8fabcc2b11f4d8e9f9c.jpg]
[dalyangardenpension.co.uk/application/files/cache/7fbf6069f32c2fae9b68f8642b2ce160.jpg]
[dalyangardenpension.co.uk/application/files/cache/da0d62bf7a4c5eb66787c1d7f62caccb.jpg]
[dalyangardenpension.co.uk/application/files/cache/c3dc7c70b95a22aad858d386dffe718e.jpg]
[dalyangardenpension.co.uk/application/files/cache/d367391882726dba531197b040b9278b.jpg]
[dalyangardenpension.co.uk/application/files/cache/8ddd9f93d739ec9c72188ee5979e2043.jpg]
[dalyangardenpension.co.uk/pension.html]
[dalyangardenpension.co.uk/application/files/7114/4846/7393/room8.jpg]
[dalyangardenpension.co.uk/application/files/2914/4846/7395/room3.jpg]
[dalyangardenpension.co.uk/application/files/5514/9613/9966/room_8_door_compessed_crop_1600x750.jpg]
[dalyangardenpension.co.uk/application/files/3614/9614/1469/Room_1_garden_1600x750_compressed.jpg]
[dalyangardenpension.co.uk/application/files/cache/2df8a4c45320627a93800ec40e2f4704.jpg]
[dalyangardenpension.co.uk/application/files/cache/a553f0018c732cbc5368cd05dbc37915.jpg]
[dalyangardenpension.co.uk/application/files/cache/5f1315c6d7ed71b7bb6d8c552e68e9a9.jpg]
[dalyangardenpension.co.uk/application/files/cache/d44d993d484286100fbdd1e9c7d59a0f.jpg]
[dalyangardenpension.co.uk/application/files/cache/2e42ccc4462d765e5e08c428a50ffc4a.jpg]
[dalyangardenpension.co.uk/application/files/cache/93b933af77876b69ecda4ad317b4f6fc.jpg]
[dalyangardenpension.co.uk/application/files/cache/c7a02f039ff5f5c156696790be7b198d.jpg]
[dalyangardenpension.co.uk/application/files/cache/ef24c1a069ea7cc476795af7a09e82b2.jpg]
[dalyangardenpension.co.uk/application/files/cache/4609f78ffbd488a2dde762f73cee79e8.jpg]
[dalyangardenpension.co.uk/application/files/cache/9605c2b5e409639e872fd3699bf691a9.jpg]
[dalyangardenpension.co.uk/application/files/cache/6fda155bc4b17984b4e4341643bc03cb.jpg]
[dalyangardenpension.co.uk/application/files/cache/fac22b4dd2f1b1a116f8a2aeb775fbf6.jpg]
[dalyangardenpension.co.uk/application/files/cache/9f7ab5903ea4bb23b66ebc73ffcfbfe1.jpg]
[dalyangardenpension.co.uk/application/files/cache/cca54024e4425e533ed3f036d77ada12.jpg]
[dalyangardenpension.co.uk/application/files/cache/ee46069badcba65f7016bc520230c5e6.jpg]
[dalyangardenpension.co.uk/application/files/cache/cbf50f4d3505cf072ef9baab07e2957b.jpg]
[dalyangardenpension.co.uk/application/files/cache/97340c30df712de4218a8f8b93ab2056.jpg]
[dalyangardenpension.co.uk/application/files/cache/edd7b6e699a6a59688b720150cc07c2e.jpg]
[dalyangardenpension.co.uk/application/files/cache/fb7c941c3583c832f1b49fe1be045499.jpg]
[dalyangardenpension.co.uk/application/files/cache/965b3a925a502b3a8e6703955a85981b.jpg]
[dalyangardenpension.co.uk/application/files/cache/42ee5555c72d55d839eaabbf99882465.jpg]
[dalyangardenpension.co.uk/application/files/cache/6a6eef8f1096a345f8e11d191165ce2e.jpg]
[dalyangardenpension.co.uk/application/files/cache/4079d96bb710ec0dd1bb578ba951b260.jpg]
[dalyangardenpension.co.uk/application/files/cache/4d02e3f5942cd9ecc9daa153fb26bd16.jpg]
[dalyangardenpension.co.uk/application/files/cache/64de0ee5a4b5c26470d063a454ba148e.jpg]
[dalyangardenpension.co.uk/application/files/cache/0bc7f1c4724d8c4eb4ac2835562ea1a7.jpg]
[dalyangardenpension.co.uk/application/files/cache/3c845dfaae41036ecab07ceb79a72403.jpg]
[dalyangardenpension.co.uk/pension/rooms.html]
[dalyangardenpension.co.uk/application/files/cache/307c43a7bb999f3d4ee9a61bcb7086f1.jpg]
[dalyangardenpension.co.uk/application/files/7014/4846/8233/garden8.jpg]
[dalyangardenpension.co.uk/application/files/6114/4959/2037/pool102.jpg]
[dalyangardenpension.co.uk/application/files/9814/4959/2038/pool101.jpg]
[dalyangardenpension.co.uk/application/files/4414/4959/1820/pool100.jpg]
[dalyangardenpension.co.uk/application/files/cache/57e4ee396c11939998d37c6983543e2b.jpg]
[dalyangardenpension.co.uk/application/files/cache/929b9aba6daadac1ec143966b831b3ce.jpg]
[dalyangardenpension.co.uk/application/files/cache/0d6d29fc4a70a118e610622b06334fce.jpg]
[dalyangardenpension.co.uk/application/files/cache/78fd7d3320f64d295c3a1e3e78cc1dd2.jpg]
[dalyangardenpension.co.uk/application/files/cache/9b59aaaad7173dd2a96bf726c522d741.jpg]
[dalyangardenpension.co.uk/application/files/cache/acd69c5154e74995d3c0f7a651d380f1.jpg]
[dalyangardenpension.co.uk/application/files/cache/1e176701dcb17eec1d25f65971a8dc4f.jpg]
[dalyangardenpension.co.uk/application/files/cache/a507b6204060551ce18eb6f911b8a6e3.jpg]
[dalyangardenpension.co.uk/application/files/cache/c304aeaa10c70091e94580cf4ac4736b.jpg]
[dalyangardenpension.co.uk/application/files/cache/51400629b574eaec68eedd527db0a663.jpg]
[dalyangardenpension.co.uk/application/files/cache/71a75106312092e1192a20ab8e0cbc0a.jpg]
[dalyangardenpension.co.uk/application/files/cache/54bc1bd05c304d02a1a2f1d6334de5b2.jpg]
[dalyangardenpension.co.uk/application/files/cache/860987f7acf9921983c1191f901eff25.jpg]
[dalyangardenpension.co.uk/application/files/cache/362f14478e3f0bc0cb30c3471ee1be04.jpg]
[dalyangardenpension.co.uk/application/files/cache/7de12d8ee1fe2e3e87b671bfc22c3c20.jpg]
[dalyangardenpension.co.uk/application/files/cache/6a21355e0b954c103ecd39df60417a7b.jpg]
[dalyangardenpension.co.uk/application/files/cache/61cf8d8b130a48187abc9f79dae19f8f.jpg]
[dalyangardenpension.co.uk/application/files/cache/fe04585511d6463344fbcf55bb680023.jpg]
[dalyangardenpension.co.uk/application/files/cache/e53cda75b3008ae8a9d8f8db42091cdc.jpg]
[dalyangardenpension.co.uk/application/files/cache/5da690f313f98909919578839257afd3.jpg]
[dalyangardenpension.co.uk/application/files/cache/b3389c426f9ccbf927dec263d0902b48.jpg]
[dalyangardenpension.co.uk/pension/pool-garden.html]
[dalyangardenpension.co.uk/application/files/cache/2f989d86513bc74ee3c18c239a51c732.jpg]
[dalyangardenpension.co.uk/application/files/9614/4846/8841/hospitality6.jpg]
[dalyangardenpension.co.uk/application/files/9214/4846/8839/hospitality3.jpg]
[dalyangardenpension.co.uk/application/files/3214/4846/8840/hospitality5.jpg]
[dalyangardenpension.co.uk/application/files/1114/4846/8832/hospitality2.jpg]
[dalyangardenpension.co.uk/application/files/2514/4846/9253/hospitality1.jpg]
[dalyangardenpension.co.uk/application/files/5114/4846/9239/hospitality7.jpg]
[dalyangardenpension.co.uk/application/files/2614/4846/8224/garden1.jpg]
[dalyangardenpension.co.uk/application/files/cache/0173a8a6571f874210e5e122e4fec9d3.jpg]
[dalyangardenpension.co.uk/application/files/cache/78c53bc89fadb6f44de21335245af928.jpg]
[dalyangardenpension.co.uk/application/files/cache/636da5065481f45e50000dc5af40e681.jpg]
[dalyangardenpension.co.uk/application/files/cache/3b71b95129d5ed3911cad62e11f11f88.jpg]
[dalyangardenpension.co.uk/application/files/cache/07d49e205ed1809a008bcbd726b70f65.jpg]
[dalyangardenpension.co.uk/application/files/cache/97a7b3470617da0ca04f54f0e1100ad0.jpg]
[dalyangardenpension.co.uk/application/files/cache/70c367fcdaa38e5eeedfae66fc3b4d11.jpg]
[dalyangardenpension.co.uk/application/files/cache/d8ebcdc5da48e95eee501c3148c4c614.jpg]
[dalyangardenpension.co.uk/application/files/cache/74a04bc41b3189b63e88b13e8271b693.jpg]
[dalyangardenpension.co.uk/application/files/cache/bf9c3ee208d26f2ba39648696e7251c3.jpg]
[dalyangardenpension.co.uk/application/files/cache/5beb6564fea6c73cee18e187ece833bc.jpg]
[dalyangardenpension.co.uk/pension/our-hospitality.html]
[dalyangardenpension.co.uk/application/files/cache/f256e08534549749b09621d1afae735a.jpg]
[dalyangardenpension.co.uk/application/files/5514/4847/0194/area5.jpg]
[dalyangardenpension.co.uk/application/files/7214/4847/0204/area4.jpg]
[dalyangardenpension.co.uk/application/files/5614/4847/0224/area2.jpg]
[dalyangardenpension.co.uk/area.html]
[dalyangardenpension.co.uk/application/files/8714/4847/0233/area1.jpg]
[dalyangardenpension.co.uk/application/files/3614/4852/6746/market3.jpg]
[dalyangardenpension.co.uk/application/files/5114/4852/6744/market1.jpg]
[dalyangardenpension.co.uk/application/files/9814/4959/2400/towns100.jpg]
[dalyangardenpension.co.uk/application/files/8714/4959/2877/towns101.jpg]
[dalyangardenpension.co.uk/application/files/cache/a2803064568afd9ff02b81d320287d93.jpg]
[dalyangardenpension.co.uk/application/files/cache/d6d5de4daff7a500ee63a0ccaa9790d8.jpg]
[dalyangardenpension.co.uk/application/files/cache/a52587aa496aa3bc558a9c17f04b463b.jpg]
[dalyangardenpension.co.uk/application/files/cache/988e04ea6bfc865d17d2d9864acae3f0.jpg]
[dalyangardenpension.co.uk/application/files/cache/18a4b4dc642c519384a553d2c31de286.jpg]
[dalyangardenpension.co.uk/application/files/cache/bafb56d76ac182c09720241189723eed.jpg]
[dalyangardenpension.co.uk/area/towns-and-markets.html]
[dalyangardenpension.co.uk/application/files/5914/4852/7453/beach5.jpg]
[dalyangardenpension.co.uk/application/files/4614/4852/7452/beach3.jpg]
[dalyangardenpension.co.uk/application/files/4614/4852/7806/beach1.jpg]
[dalyangardenpension.co.uk/application/files/7114/4852/7645/beach2.jpg]
[dalyangardenpension.co.uk/application/files/6714/4852/7665/beach4.jpg]
[dalyangardenpension.co.uk/application/files/cache/9d75c7f3bb1f445a721daee553c21dff.jpg]
[dalyangardenpension.co.uk/application/files/cache/1f8c802b380006d88b4fd7428fb7c885.jpg]
[dalyangardenpension.co.uk/application/files/cache/e9537f54136b6e937fad437d0c8bb197.jpg]
[dalyangardenpension.co.uk/application/files/cache/830c49f4794a59a04d67607d61a95267.jpg]
[dalyangardenpension.co.uk/application/files/cache/f6c885ec23c1b0850d611a7069075b37.jpg]
[dalyangardenpension.co.uk/application/files/cache/26e108b3bb99f5dfd45191b2bb3e7424.jpg]
[dalyangardenpension.co.uk/application/files/cache/7cc656831bfa284c41e9e076f3c94230.jpg]
[dalyangardenpension.co.uk/area/rivers-lakes-and-beaches.html]
[dalyangardenpension.co.uk/application/files/cache/0a572e8a553cc486b4f529a964335f3a.jpg]
[dalyangardenpension.co.uk/application/files/5114/4852/8682/history7.jpg]
[dalyangardenpension.co.uk/application/files/4914/4852/8681/history5.jpg]
[dalyangardenpension.co.uk/application/files/1214/4852/8680/history3.jpg]
[dalyangardenpension.co.uk/application/files/2014/4852/8673/history1.jpg]
[dalyangardenpension.co.uk/application/files/5014/4852/8679/history2.jpg]
[dalyangardenpension.co.uk/application/files/6514/4852/8677/history4.jpg]
[dalyangardenpension.co.uk/application/files/2814/4852/8675/history6.jpg]
[dalyangardenpension.co.uk/application/files/cache/f8bcdc282e57c7bf2b324a922e1941d2.jpg]
[dalyangardenpension.co.uk/application/files/cache/66c8ad85c144c8618c59a90290427234.jpg]
[dalyangardenpension.co.uk/application/files/cache/97cfa87c68e7bb3cdaa0aae1a26b9802.jpg]
[dalyangardenpension.co.uk/application/files/cache/0660a2a12e3fef9892a932000f921190.jpg]
[dalyangardenpension.co.uk/application/files/cache/e557fa1c82f9bc99d725bfd462ef0cfc.jpg]
[dalyangardenpension.co.uk/application/files/cache/c3f6d4ccfb68cd62cb13b6e5e68976cd.jpg]
[dalyangardenpension.co.uk/application/files/cache/9e25432dbec5612c44942e5948514dc9.jpg]
[dalyangardenpension.co.uk/application/files/cache/4744b893198a2e465ce9097b1b1356fb.jpg]
[dalyangardenpension.co.uk/application/files/cache/c4ed17d5af01fee378e8adc3af5fae4c.jpg]
[dalyangardenpension.co.uk/application/files/cache/e6130be24dc323ed241dcaafeca5848a.jpg]
[dalyangardenpension.co.uk/application/files/cache/d2cbd4e709dd147b667b9479ee87e052.jpg]
[dalyangardenpension.co.uk/application/files/cache/108868d99f87827081dbcc8333191af0.jpg]
[dalyangardenpension.co.uk/application/files/cache/54226e3d90651fe21b3b92f6346a9e7a.jpg]
[dalyangardenpension.co.uk/application/files/cache/0795fbaec66e4df44f33df735ade49b7.jpg]
[dalyangardenpension.co.uk/application/files/cache/1c4ce1fdee004ca3cd527a415bb35394.jpg]
[dalyangardenpension.co.uk/area/kaunos-the-tombs-and-historical-sites.html]
[dalyangardenpension.co.uk/application/files/cache/4e22e280957e6881cc331205b14df7db.jpg]
[dalyangardenpension.co.uk/application/files/9114/4853/0962/nature1.jpg]
[dalyangardenpension.co.uk/application/files/2114/4853/0970/nature4.jpg]
[dalyangardenpension.co.uk/application/files/1414/4853/0953/nature3.jpg]
[dalyangardenpension.co.uk/application/files/9214/4853/0665/nature6.jpg]
[dalyangardenpension.co.uk/application/files/1814/4853/0656/nature5.jpg]
[dalyangardenpension.co.uk/application/files/6414/4853/0645/nature7.jpg]
[dalyangardenpension.co.uk/application/files/1714/4853/0635/nature8.jpg]
[dalyangardenpension.co.uk/application/files/cache/604913754076b2bdec6134a04d417c45.jpg]
[dalyangardenpension.co.uk/application/files/cache/8f5c0df8e66ed9ce2055f4a5cef65d7a.jpg]
[dalyangardenpension.co.uk/application/files/cache/a3c821aba58e84a304cf6d9c72b413b1.jpg]
[dalyangardenpension.co.uk/area/nature-and-wildlife.html]
[dalyangardenpension.co.uk/application/files/cache/24726615d9c9bc2b776b26e4ae645051.jpg]
[dalyangardenpension.co.uk/application/files/8614/4855/4079/general8.jpg]
[dalyangardenpension.co.uk/plan-a-visit.html]
[dalyangardenpension.co.uk/application/files/2514/4855/4066/general6.jpg]
[dalyangardenpension.co.uk/application/files/3314/4855/4072/general9.jpg]
[dalyangardenpension.co.uk/plan-a-visit/room-rates.html]
[dalyangardenpension.co.uk/application/files/5314/8113/1499/gallery2.jpg]
[dalyangardenpension.co.uk/application/files/3814/4855/4081/general14.jpg]
[dalyangardenpension.co.uk/plan-a-visit/how-get-here.html]
[dalyangardenpension.co.uk/application/files/8714/4855/4065/general5.jpg]
[dalyangardenpension.co.uk/application/files/6314/4855/4076/general12.jpg]
[dalyangardenpension.co.uk/application/files/2614/4855/4073/general11.jpg]
[dalyangardenpension.co.uk/application/files/1814/4552/6519/chart_temp.png]
[dalyangardenpension.co.uk/application/files/4214/4552/6517/chart_rain.png]
[dalyangardenpension.co.uk/application/files/9814/4552/6519/chart_sun.png]
[dalyangardenpension.co.uk/plan-a-visit/when-come.html]
[dalyangardenpension.co.uk/application/files/2714/4552/6518/chart_water.png]
[dalyangardenpension.co.uk/application/files/2014/4855/4643/general13.jpg]
[dalyangardenpension.co.uk/application/files/9214/4855/4063/general2.jpg]
[dalyangardenpension.co.uk/contact-us.html]
[dalyangardenpension.co.uk/application/files/8814/4855/4080/general10.jpg]
[dalyangardenpension.co.uk/application/files/3514/4855/4067/general3.jpg]
[dalyangardenpension.co.uk/contact-us/booking-enquiry.html]
[dalyangardenpension.co.uk/application/files/6714/4855/4059/general1.jpg]
[dalyangardenpension.co.uk/contact-us/find-us.html]
[dalyangardenpension.co.uk/application/files/1614/4855/4069/general7.jpg]
[dalyangardenpension.co.uk/application/files/2914/4846/8220/garden3.jpg]
[dalyangardenpension.co.uk/privacy-policy.html]
[dalyangardenpension.co.uk/application/themes/dgp/js/dgp.js]
[dalyangardenpension.co.uk/application/files/cache/js/b6e1d1b39abc0d3114fe505eea57efbd13fee4ae.js]
[dalyangardenpension.co.uk/application/themes/dgp/css/cssreset.min.css]
[dalyangardenpension.co.uk/application/themes/dgp/css/cssbase.min.css]
[dalyangardenpension.co.uk/packages/vivid_thumb_gallery/blocks/vivid_thumb_gallery/assets/featherlight.html]
[dalyangardenpension.co.uk/packages/vivid_thumb_gallery/blocks/vivid_thumb_gallery/assets/imagelightbox.min.js]
[dalyangardenpension.co.uk/application/files/cache/css/88aab4e4d2789695dce06c28ea7b1fc58be680f0.css]
[dalyangardenpension.co.uk/application/files/cache/js/fffa2553506a813becf50b281f1b6eca93b3deac.js]
[dalyangardenpension.co.uk/updates/concrete5.7.5.6/concrete/css/images/ui-bg_glass_75_ffffff_1x400.png]
[dalyangardenpension.co.uk/updates/concrete5.7.5.6/concrete/css/images/ui-icons_222222_256x240.png]
[dalyangardenpension.co.uk/updates/concrete5.7.5.6/concrete/css/images/ui-icons_888888_256x240.png]
[dalyangardenpension.co.uk/updates/concrete5.7.5.6/concrete/css/images/ui-icons_454545_256x240.png]
[dalyangardenpension.co.uk/updates/concrete5.7.5.6/concrete/css/images/ui-icons_2e83ff_256x240.png]
[dalyangardenpension.co.uk/updates/concrete5.7.5.6/concrete/css/images/ui-icons_f6cf3b_256x240.png]
[dalyangardenpension.co.uk/application/files/cache/css/5d12235f004af98b7c11615dd0313033c0039d38.css]
[dalyangardenpension.co.uk/updates/concrete5.7.5.6/concrete/js/jquery-ui.js]
[dalyangardenpension.co.uk/application/files/cache/js/99e7cfb92ba85ab9df4485eb6c7c9a0430ea4788.js]
[dalyangardenpension.co.uk/packages/ec_recaptcha/assets/js/render.js]
[dalyangardenpension.co.uk/updates/concrete5.7.5.6/concrete/css/images/ui-bg_flat_0_aaaaaa_40x100.png]
